[2025-09-17 13:02:24] Starting experiment run from config: experiments/epochs_sweet.yaml
[2025-09-17 13:02:24] Logging to: experiment_logs/epochs_sweet_20250917_130224.log
[2025-09-17 13:02:24] Generated 3 experiment combinations
[2025-09-17 13:02:24] Experiment 1: epochs_sweep_num_clients_3_num_rounds_5_seed_1_split_dir_chimera_3_0.1
[2025-09-17 13:02:24]   Command: python federated_train.py --gpus 1 --num_rounds 5 --split_dir chimera_3_0.1 --seed 1 --no_verbose --num_clients 3 --max_epochs 100 --exp_code epochs_sweep_num_clients_3_num_rounds_5_seed_1_split_dir_chimera_3_0.1
[2025-09-17 13:02:24] Experiment 2: epochs_sweep_num_clients_3_num_rounds_5_seed_1_split_dir_chimera_3_0.1
[2025-09-17 13:02:24]   Command: python federated_train.py --gpus 1 --num_rounds 5 --split_dir chimera_3_0.1 --seed 1 --no_verbose --num_clients 3 --max_epochs 70 --exp_code epochs_sweep_num_clients_3_num_rounds_5_seed_1_split_dir_chimera_3_0.1
[2025-09-17 13:02:24] Experiment 3: epochs_sweep_num_clients_3_num_rounds_5_seed_1_split_dir_chimera_3_0.1
[2025-09-17 13:02:24]   Command: python federated_train.py --gpus 1 --num_rounds 5 --split_dir chimera_3_0.1 --seed 1 --no_verbose --num_clients 3 --max_epochs 50 --exp_code epochs_sweep_num_clients_3_num_rounds_5_seed_1_split_dir_chimera_3_0.1
[2025-09-17 13:02:24] 
============================================================
[2025-09-17 13:02:24] Running experiment 1/3
[2025-09-17 13:02:24] Starting experiment: epochs_sweep_num_clients_3_num_rounds_5_seed_1_split_dir_chimera_3_0.1
[2025-09-17 13:02:24] Command: python federated_train.py --gpus 1 --num_rounds 5 --split_dir chimera_3_0.1 --seed 1 --no_verbose --num_clients 3 --max_epochs 100 --exp_code epochs_sweep_num_clients_3_num_rounds_5_seed_1_split_dir_chimera_3_0.1
[2025-09-17 13:16:02] ✓ Experiment completed successfully in 817.42s: epochs_sweep_num_clients_3_num_rounds_5_seed_1_split_dir_chimera_3_0.1
[2025-09-17 13:16:02] 
============================================================
[2025-09-17 13:16:02] Running experiment 2/3
[2025-09-17 13:16:02] Starting experiment: epochs_sweep_num_clients_3_num_rounds_5_seed_1_split_dir_chimera_3_0.1
[2025-09-17 13:16:02] Command: python federated_train.py --gpus 1 --num_rounds 5 --split_dir chimera_3_0.1 --seed 1 --no_verbose --num_clients 3 --max_epochs 70 --exp_code epochs_sweep_num_clients_3_num_rounds_5_seed_1_split_dir_chimera_3_0.1
[2025-09-17 13:29:36] ✓ Experiment completed successfully in 814.82s: epochs_sweep_num_clients_3_num_rounds_5_seed_1_split_dir_chimera_3_0.1
[2025-09-17 13:29:36] 
============================================================
[2025-09-17 13:29:36] Running experiment 3/3
[2025-09-17 13:29:36] Starting experiment: epochs_sweep_num_clients_3_num_rounds_5_seed_1_split_dir_chimera_3_0.1
[2025-09-17 13:29:36] Command: python federated_train.py --gpus 1 --num_rounds 5 --split_dir chimera_3_0.1 --seed 1 --no_verbose --num_clients 3 --max_epochs 50 --exp_code epochs_sweep_num_clients_3_num_rounds_5_seed_1_split_dir_chimera_3_0.1
[2025-09-17 13:44:01] ✓ Experiment completed successfully in 864.40s: epochs_sweep_num_clients_3_num_rounds_5_seed_1_split_dir_chimera_3_0.1
[2025-09-17 13:44:01] 
============================================================
[2025-09-17 13:44:01] Experiment sweep completed in 2496.65s
[2025-09-17 13:44:01] Successful: 3
[2025-09-17 13:44:01] Failed: 0
[2025-09-17 13:44:01] Total: 3
