[2025-09-17 10:29:33] Starting experiment run from config: experiments/rounds_sweep.yaml
[2025-09-17 10:29:33] Logging to: experiment_logs/rounds_sweep_20250917_102933.log
[2025-09-17 10:29:33] Generated 6 experiment combinations
[2025-09-17 10:29:33] Experiment 1: rounds_sweep_num_clients_3_num_rounds_1_seed_1_split_dir_chimera_3_0.1
[2025-09-17 10:29:33]   Command: python federated_train.py --gpus 1 --num_clients 3 --split_dir chimera_3_0.1 --seed 1 --no_verbose --max_epochs 100 --num_rounds 1 --exp_code rounds_sweep_num_clients_3_num_rounds_1_seed_1_split_dir_chimera_3_0.1
[2025-09-17 10:29:33] Experiment 2: rounds_sweep_num_clients_3_num_rounds_2_seed_1_split_dir_chimera_3_0.1
[2025-09-17 10:29:33]   Command: python federated_train.py --gpus 1 --num_clients 3 --split_dir chimera_3_0.1 --seed 1 --no_verbose --max_epochs 100 --num_rounds 2 --exp_code rounds_sweep_num_clients_3_num_rounds_2_seed_1_split_dir_chimera_3_0.1
[2025-09-17 10:29:33] Experiment 3: rounds_sweep_num_clients_3_num_rounds_4_seed_1_split_dir_chimera_3_0.1
[2025-09-17 10:29:33]   Command: python federated_train.py --gpus 1 --num_clients 3 --split_dir chimera_3_0.1 --seed 1 --no_verbose --max_epochs 100 --num_rounds 4 --exp_code rounds_sweep_num_clients_3_num_rounds_4_seed_1_split_dir_chimera_3_0.1
[2025-09-17 10:29:33] Experiment 4: rounds_sweep_num_clients_3_num_rounds_5_seed_1_split_dir_chimera_3_0.1
[2025-09-17 10:29:33]   Command: python federated_train.py --gpus 1 --num_clients 3 --split_dir chimera_3_0.1 --seed 1 --no_verbose --max_epochs 100 --num_rounds 5 --exp_code rounds_sweep_num_clients_3_num_rounds_5_seed_1_split_dir_chimera_3_0.1
[2025-09-17 10:29:33] Experiment 5: rounds_sweep_num_clients_3_num_rounds_8_seed_1_split_dir_chimera_3_0.1
[2025-09-17 10:29:33]   Command: python federated_train.py --gpus 1 --num_clients 3 --split_dir chimera_3_0.1 --seed 1 --no_verbose --max_epochs 100 --num_rounds 8 --exp_code rounds_sweep_num_clients_3_num_rounds_8_seed_1_split_dir_chimera_3_0.1
[2025-09-17 10:29:33] Experiment 6: rounds_sweep_num_clients_3_num_rounds_10_seed_1_split_dir_chimera_3_0.1
[2025-09-17 10:29:33]   Command: python federated_train.py --gpus 1 --num_clients 3 --split_dir chimera_3_0.1 --seed 1 --no_verbose --max_epochs 100 --num_rounds 10 --exp_code rounds_sweep_num_clients_3_num_rounds_10_seed_1_split_dir_chimera_3_0.1
[2025-09-17 10:29:33] 
============================================================
[2025-09-17 10:29:33] Running experiment 1/6
[2025-09-17 10:29:33] Starting experiment: rounds_sweep_num_clients_3_num_rounds_1_seed_1_split_dir_chimera_3_0.1
[2025-09-17 10:29:33] Command: python federated_train.py --gpus 1 --num_clients 3 --split_dir chimera_3_0.1 --seed 1 --no_verbose --max_epochs 100 --num_rounds 1 --exp_code rounds_sweep_num_clients_3_num_rounds_1_seed_1_split_dir_chimera_3_0.1
[2025-09-17 10:33:33] ✓ Experiment completed successfully in 239.77s: rounds_sweep_num_clients_3_num_rounds_1_seed_1_split_dir_chimera_3_0.1
[2025-09-17 10:33:33] 
============================================================
[2025-09-17 10:33:33] Running experiment 2/6
[2025-09-17 10:33:33] Starting experiment: rounds_sweep_num_clients_3_num_rounds_2_seed_1_split_dir_chimera_3_0.1
[2025-09-17 10:33:33] Command: python federated_train.py --gpus 1 --num_clients 3 --split_dir chimera_3_0.1 --seed 1 --no_verbose --max_epochs 100 --num_rounds 2 --exp_code rounds_sweep_num_clients_3_num_rounds_2_seed_1_split_dir_chimera_3_0.1
[2025-09-17 10:40:14] ✓ Experiment completed successfully in 401.17s: rounds_sweep_num_clients_3_num_rounds_2_seed_1_split_dir_chimera_3_0.1
[2025-09-17 10:40:14] 
============================================================
[2025-09-17 10:40:14] Running experiment 3/6
[2025-09-17 10:40:14] Starting experiment: rounds_sweep_num_clients_3_num_rounds_4_seed_1_split_dir_chimera_3_0.1
[2025-09-17 10:40:14] Command: python federated_train.py --gpus 1 --num_clients 3 --split_dir chimera_3_0.1 --seed 1 --no_verbose --max_epochs 100 --num_rounds 4 --exp_code rounds_sweep_num_clients_3_num_rounds_4_seed_1_split_dir_chimera_3_0.1
[2025-09-17 10:51:24] ✓ Experiment completed successfully in 670.65s: rounds_sweep_num_clients_3_num_rounds_4_seed_1_split_dir_chimera_3_0.1
[2025-09-17 10:51:24] 
============================================================
[2025-09-17 10:51:24] Running experiment 4/6
[2025-09-17 10:51:24] Starting experiment: rounds_sweep_num_clients_3_num_rounds_5_seed_1_split_dir_chimera_3_0.1
[2025-09-17 10:51:24] Command: python federated_train.py --gpus 1 --num_clients 3 --split_dir chimera_3_0.1 --seed 1 --no_verbose --max_epochs 100 --num_rounds 5 --exp_code rounds_sweep_num_clients_3_num_rounds_5_seed_1_split_dir_chimera_3_0.1
[2025-09-17 11:04:48] ✓ Experiment completed successfully in 803.21s: rounds_sweep_num_clients_3_num_rounds_5_seed_1_split_dir_chimera_3_0.1
[2025-09-17 11:04:48] 
============================================================
[2025-09-17 11:04:48] Running experiment 5/6
[2025-09-17 11:04:48] Starting experiment: rounds_sweep_num_clients_3_num_rounds_8_seed_1_split_dir_chimera_3_0.1
[2025-09-17 11:04:48] Command: python federated_train.py --gpus 1 --num_clients 3 --split_dir chimera_3_0.1 --seed 1 --no_verbose --max_epochs 100 --num_rounds 8 --exp_code rounds_sweep_num_clients_3_num_rounds_8_seed_1_split_dir_chimera_3_0.1
[2025-09-17 11:24:54] ✓ Experiment completed successfully in 1206.12s: rounds_sweep_num_clients_3_num_rounds_8_seed_1_split_dir_chimera_3_0.1
[2025-09-17 11:24:54] 
============================================================
[2025-09-17 11:24:54] Running experiment 6/6
[2025-09-17 11:24:54] Starting experiment: rounds_sweep_num_clients_3_num_rounds_10_seed_1_split_dir_chimera_3_0.1
[2025-09-17 11:24:54] Command: python federated_train.py --gpus 1 --num_clients 3 --split_dir chimera_3_0.1 --seed 1 --no_verbose --max_epochs 100 --num_rounds 10 --exp_code rounds_sweep_num_clients_3_num_rounds_10_seed_1_split_dir_chimera_3_0.1
[2025-09-17 11:49:41] ✓ Experiment completed successfully in 1487.24s: rounds_sweep_num_clients_3_num_rounds_10_seed_1_split_dir_chimera_3_0.1
[2025-09-17 11:49:41] 
============================================================
[2025-09-17 11:49:41] Experiment sweep completed in 4808.20s
[2025-09-17 11:49:41] Successful: 6
[2025-09-17 11:49:41] Failed: 0
[2025-09-17 11:49:41] Total: 6
